
**** Build of configuration Debug for project DDR_lowres ****

make all 
Building file: ../src/helloworld.c
Invoking: MicroBlaze gcc compiler
mb-gcc -Wall -O0 -g3 -c -fmessage-length=0 -Wl,--no-relax -I../../standalone_bsp_0/microblaze_0/include -mlittle-endian -mxl-barrel-shift -mxl-pattern-compare -mcpu=v8.40.a -mno-xl-soft-mul -MMD -MP -MF"src/helloworld.d" -MT"src/helloworld.d" -o"src/helloworld.o" "../src/helloworld.c"
../src/helloworld.c: In function 'main':
../src/helloworld.c:67:14: warning: variable 'max_index' set but not used [-Wunused-but-set-variable]
../src/helloworld.c:67:6: warning: unused variable 'pixels' [-Wunused-variable]
../src/helloworld.c:33:9: warning: variable 'j' set but not used [-Wunused-but-set-variable]
../src/helloworld.c:33:6: warning: unused variable 'i' [-Wunused-variable]
../src/helloworld.c:25:16: warning: unused variable 'hdmi_addr' [-Wunused-variable]
../src/helloworld.c:22:16: warning: unused variable 'ddr_addr2' [-Wunused-variable]
../src/helloworld.c:21:16: warning: unused variable 'ddr_addr' [-Wunused-variable]
Finished building: ../src/helloworld.c
' '
Building file: ../src/platform.c
Invoking: MicroBlaze gcc compiler
mb-gcc -Wall -O0 -g3 -c -fmessage-length=0 -Wl,--no-relax -I../../standalone_bsp_0/microblaze_0/include -mlittle-endian -mxl-barrel-shift -mxl-pattern-compare -mcpu=v8.40.a -mno-xl-soft-mul -MMD -MP -MF"src/platform.d" -MT"src/platform.d" -o"src/platform.o" "../src/platform.c"
Finished building: ../src/platform.c
' '
Building target: DDR_lowres.elf
Invoking: MicroBlaze gcc linker
mb-gcc -Wl,--no-relax -Wl,-T -Wl,../src/lscript.ld -L../../standalone_bsp_0/microblaze_0/lib -mlittle-endian -mxl-barrel-shift -mxl-pattern-compare -mcpu=v8.40.a -mno-xl-soft-mul -o"DDR_lowres.elf"  ./src/helloworld.o ./src/platform.o   -Wl,--start-group,-lxil,-lgcc,-lc,--end-group
Finished building target: DDR_lowres.elf
' '
Invoking: MicroBlaze Print Size
mb-size DDR_lowres.elf  |tee "DDR_lowres.elf.size"
   text	   data	    bss	    dec	    hex	filename
   8214	    296	   2088	  10598	   2966	DDR_lowres.elf
Finished building: DDR_lowres.elf.size
' '
Invoking: Xilinx ELF Check
elfcheck DDR_lowres.elf -hw ../../hdmi_out_hw_platform/system.xml -pe microblaze_0  |tee "DDR_lowres.elf.elfcheck"
elfcheck
Xilinx EDK 14.2 Build EDK_P.28xd
Copyright (c) 1995-2012 Xilinx, Inc.  All rights reserved.

Command Line: elfcheck -hw ../../hdmi_out_hw_platform/system.xml -pe
microblaze_0 DDR_lowres.elf 

ELF file	: DDR_lowres.elf
elfcheck passed.
Finished building: DDR_lowres.elf.elfcheck
' '
